src/cli/recalculate-scores.ts(112,25): error TS2375: Type '{ matchScore: number; performanceScore: number; objectivesScore: number; disciplineScore: number; isVictory: boolean; kills: number; deaths: number; assists: number; championId: number | undefined; ... 4 more ...; ratios: { ...; }; }' is not assignable to type '(Without<MatchScoreUpdateInput, MatchScoreUncheckedUpdateInput> & MatchScoreUncheckedUpdateInput) | (Without<...> & MatchScoreUpdateInput)' with 'exactOptionalPropertyTypes: true'. Consider adding 'undefined' to the types of the target's properties.
  Type '{ matchScore: number; performanceScore: number; objectivesScore: number; disciplineScore: number; isVictory: boolean; kills: number; deaths: number; assists: number; championId: number | undefined; ... 4 more ...; ratios: { ...; }; }' is not assignable to type 'Without<MatchScoreUncheckedUpdateInput, MatchScoreUpdateInput> & MatchScoreUpdateInput' with 'exactOptionalPropertyTypes: true'. Consider adding 'undefined' to the types of the target's properties.
    Type '{ matchScore: number; performanceScore: number; objectivesScore: number; disciplineScore: number; isVictory: boolean; kills: number; deaths: number; assists: number; championId: number | undefined; ... 4 more ...; ratios: { ...; }; }' is not assignable to type 'MatchScoreUpdateInput' with 'exactOptionalPropertyTypes: true'. Consider adding 'undefined' to the types of the target's properties.
      Types of property 'championId' are incompatible.
        Type 'number | undefined' is not assignable to type 'number | NullableIntFieldUpdateOperationsInput | null'.
          Type 'undefined' is not assignable to type 'number | NullableIntFieldUpdateOperationsInput | null'.
src/cli/test-score.ts(58,25): error TS18047: 'result' is possibly 'null'.
src/cli/test-score.ts(59,24): error TS18047: 'result' is possibly 'null'.
src/cli/test-score.ts(61,22): error TS18047: 'result' is possibly 'null'.
src/cli/test-score.ts(61,29): error TS2339: Property 'laneContext' does not exist on type 'MatchScoreResult'.
src/cli/test-score.ts(65,26): error TS18047: 'result' is possibly 'null'.
src/cli/test-score.ts(65,33): error TS2339: Property 'laneContext' does not exist on type 'MatchScoreResult'.
src/cli/verify-scoring.ts(14,20): error TS2322: Type '{ puuid: string; riotIdGameName: string; riotIdTagLine: string; teamId: number; teamPosition: string; win: boolean; championId?: number; championName?: string; kills: number; deaths: number; ... 12 more ...; baronKills: number; }' is not assignable to type 'Participant'.
  Property 'championId' is optional in type '{ puuid: string; riotIdGameName: string; riotIdTagLine: string; teamId: number; teamPosition: string; win: boolean; championId?: number; championName?: string; kills: number; deaths: number; assists: number; ... 11 more ...; baronKills: number; }' but required in type 'Participant'.
src/cli/verify-strict.ts(9,99): error TS2322: Type '{ puuid: string; riotIdGameName: string; riotIdTagLine: string; teamId: number; teamPosition: string; win: boolean; championId?: number; championName?: string; kills: number; deaths: number; ... 12 more ...; baronKills: number; }' is not assignable to type 'Participant'.
  Property 'championId' is optional in type '{ puuid: string; riotIdGameName: string; riotIdTagLine: string; teamId: number; teamPosition: string; win: boolean; championId?: number; championName?: string; kills: number; deaths: number; assists: number; ... 11 more ...; baronKills: number; }' but required in type 'Participant'.
src/services/ranking.service.ts(265,28): error TS18048: 'bestMatch' is possibly 'undefined'.
src/services/ranking.service.ts(266,29): error TS18048: 'worstMatch' is possibly 'undefined'.
web/src/app/layout.tsx(3,8): error TS2307: Cannot find module './globals.css' or its corresponding type declarations.
web/src/app/layout.tsx(4,25): error TS2307: Cannot find module '@/components/Sidebar' or its corresponding type declarations.
web/src/app/layout.tsx(5,24): error TS2307: Cannot find module '@/components/Topbar' or its corresponding type declarations.
web/src/app/page.tsx(5,48): error TS2307: Cannot find module '@/lib/api' or its corresponding type declarations.
web/src/app/page.tsx(6,30): error TS2307: Cannot find module '@/components/RankingTable' or its corresponding type declarations.
web/src/app/page.tsx(7,26): error TS2307: Cannot find module '@/components/StatCard' or its corresponding type declarations.
web/src/app/player/[puuid]/page.tsx(5,103): error TS2307: Cannot find module '@/lib/api' or its corresponding type declarations.
web/src/app/player/[puuid]/page.tsx(6,26): error TS2307: Cannot find module '@/components/EloBadge' or its corresponding type declarations.
web/src/app/player/[puuid]/page.tsx(7,26): error TS2307: Cannot find module '@/components/PdlChart' or its corresponding type declarations.
web/src/app/player/[puuid]/page.tsx(8,35): error TS2307: Cannot find module '@/components/MatchHistoryTable' or its corresponding type declarations.
web/src/app/player/[puuid]/page.tsx(9,39): error TS2307: Cannot find module '@/components/MatchDetailsSidePanel' or its corresponding type declarations.
web/src/app/player/[puuid]/page.tsx(10,30): error TS2307: Cannot find module '@/components/PlayerHeader' or its corresponding type declarations.
web/src/app/player/[puuid]/page.tsx(11,27): error TS2307: Cannot find module '@/components/StatsGrid' or its corresponding type declarations.
web/src/app/ranking/elo/page.tsx(5,47): error TS2307: Cannot find module '@/lib/api' or its corresponding type declarations.
web/src/app/ranking/elo/page.tsx(6,30): error TS2307: Cannot find module '@/components/RankingTable' or its corresponding type declarations.
web/src/app/ranking/elo/page.tsx(33,16): error TS2307: Cannot find module '@/lib/api' or its corresponding type declarations.
web/src/app/ranking/elo/page.tsx(34,46): error TS7006: Parameter 'res' implicitly has an 'any' type.
web/src/app/ranking/pdl/page.tsx(5,49): error TS2307: Cannot find module '@/lib/api' or its corresponding type declarations.
web/src/app/ranking/pdl/page.tsx(6,26): error TS2307: Cannot find module '@/components/EloBadge' or its corresponding type declarations.
web/src/app/ranking/pdl/page.tsx(7,27): error TS2307: Cannot find module '@/components/TrendIcon' or its corresponding type declarations.
web/src/components/MatchDetailsSidePanel.tsx(3,35): error TS2307: Cannot find module '@/lib/api' or its corresponding type declarations.
web/src/components/MatchHistoryTable.tsx(3,35): error TS2307: Cannot find module '@/lib/api' or its corresponding type declarations.
web/src/components/PdlChart.tsx(4,36): error TS2307: Cannot find module '@/lib/api' or its corresponding type declarations.
web/src/components/RankingTable.tsx(3,30): error TS2307: Cannot find module '@/lib/api' or its corresponding type declarations.
